  Determinando los proyectos que se van a restaurar...
C:\Users\CRISTIAN\source\repos\FashionStoreSolution\FashionStore.Infrastructure\FashionStore.Infrastructure.csproj : warning NU1903: El paquete "AutoMapper" 12.0.1 tiene una vulnerabilidad de gravedad alta conocida, https://github.com/advisories/GHSA-rvv3-g6hj-g44x [C:\Users\CRISTIAN\source\repos\FashionStoreSolution\FashionStoreSolution.sln]
  Todos los proyectos est├ín actualizados para la restauraci├│n.
C:\Users\CRISTIAN\source\repos\FashionStoreSolution\FashionStore.Infrastructure\FashionStore.Infrastructure.csproj : warning NU1903: El paquete "AutoMapper" 12.0.1 tiene una vulnerabilidad de gravedad alta conocida, https://github.com/advisories/GHSA-rvv3-g6hj-g44x
  FashionStore.Domain -> C:\Users\CRISTIAN\source\repos\FashionStoreSolution\FashionStore.Domain\bin\Release\net9.0\FashionStore.Domain.dll
  FashionStore.Infrastructure -> C:\Users\CRISTIAN\source\repos\FashionStoreSolution\FashionStore.Infrastructure\bin\Release\net9.0\FashionStore.Infrastructure.dll
C:\Users\CRISTIAN\source\repos\FashionStoreSolution\FashionStore.Web\MigracionRunner.cs(176,35): error CS1069: No se encuentra el nombre de tipo 'SqlConnection' en el espacio de nombres 'System.Data.SqlClient'. Este tipo se ha reenviado al ensamblado 'System.Data.SqlClient, Version=0.0.0.0, Culture=neutral, PublicKeyToken=b03f5f7f11d50a3a'. Puede agregar una referencia a ese ensamblado. [C:\Users\CRISTIAN\source\repos\FashionStoreSolution\FashionStore.Web\FashionStore.Web.csproj]
C:\Users\CRISTIAN\source\repos\FashionStoreSolution\FashionStore.Web\MigracionRunner.cs(179,37): error CS1069: No se encuentra el nombre de tipo 'SqlCommand' en el espacio de nombres 'System.Data.SqlClient'. Este tipo se ha reenviado al ensamblado 'System.Data.SqlClient, Version=0.0.0.0, Culture=neutral, PublicKeyToken=b03f5f7f11d50a3a'. Puede agregar una referencia a ese ensamblado. [C:\Users\CRISTIAN\source\repos\FashionStoreSolution\FashionStore.Web\FashionStore.Web.csproj]
C:\Users\CRISTIAN\source\repos\FashionStoreSolution\FashionStore.Web\MigracionRunner.cs(180,41): error CS1069: No se encuentra el nombre de tipo 'SqlDataAdapter' en el espacio de nombres 'System.Data.SqlClient'. Este tipo se ha reenviado al ensamblado 'System.Data.SqlClient, Version=0.0.0.0, Culture=neutral, PublicKeyToken=b03f5f7f11d50a3a'. Puede agregar una referencia a ese ensamblado. [C:\Users\CRISTIAN\source\repos\FashionStoreSolution\FashionStore.Web\FashionStore.Web.csproj]
C:\Users\CRISTIAN\source\repos\FashionStoreSolution\FashionStore.Web\MigracionRunner.cs(206,38): warning CS8602: Desreferencia de una referencia posiblemente NULL. [C:\Users\CRISTIAN\source\repos\FashionStoreSolution\FashionStore.Web\FashionStore.Web.csproj]
C:\Users\CRISTIAN\source\repos\FashionStoreSolution\FashionStore.Web\MigracionRunner.cs(231,25): warning CS8605: Conversi├│n unboxing a un valor posiblemente NULL. [C:\Users\CRISTIAN\source\repos\FashionStoreSolution\FashionStore.Web\FashionStore.Web.csproj]
C:\Users\CRISTIAN\source\repos\FashionStoreSolution\FashionStore.Web\Services\ConfiguracionSistemaService.cs(121,51): warning CS8604: Posible argumento de referencia nulo para el par├ímetro "existente" en "void ConfiguracionSistemaService.RegistrarCambioAuditoria(List<ConfiguracionAuditoria> cambios, ConfiguracionSistema existente, ConfiguracionSistema nueva, string usuarioId, string nombreUsuario)". [C:\Users\CRISTIAN\source\repos\FashionStoreSolution\FashionStore.Web\FashionStore.Web.csproj]

ERROR al compilar.

C:\Users\CRISTIAN\source\repos\FashionStoreSolution\FashionStore.Infrastructure\FashionStore.Infrastructure.csproj : warning NU1903: El paquete "AutoMapper" 12.0.1 tiene una vulnerabilidad de gravedad alta conocida, https://github.com/advisories/GHSA-rvv3-g6hj-g44x [C:\Users\CRISTIAN\source\repos\FashionStoreSolution\FashionStoreSolution.sln]
C:\Users\CRISTIAN\source\repos\FashionStoreSolution\FashionStore.Infrastructure\FashionStore.Infrastructure.csproj : warning NU1903: El paquete "AutoMapper" 12.0.1 tiene una vulnerabilidad de gravedad alta conocida, https://github.com/advisories/GHSA-rvv3-g6hj-g44x
C:\Users\CRISTIAN\source\repos\FashionStoreSolution\FashionStore.Web\MigracionRunner.cs(206,38): warning CS8602: Desreferencia de una referencia posiblemente NULL. [C:\Users\CRISTIAN\source\repos\FashionStoreSolution\FashionStore.Web\FashionStore.Web.csproj]
C:\Users\CRISTIAN\source\repos\FashionStoreSolution\FashionStore.Web\MigracionRunner.cs(231,25): warning CS8605: Conversi├│n unboxing a un valor posiblemente NULL. [C:\Users\CRISTIAN\source\repos\FashionStoreSolution\FashionStore.Web\FashionStore.Web.csproj]
C:\Users\CRISTIAN\source\repos\FashionStoreSolution\FashionStore.Web\Services\ConfiguracionSistemaService.cs(121,51): warning CS8604: Posible argumento de referencia nulo para el par├ímetro "existente" en "void ConfiguracionSistemaService.RegistrarCambioAuditoria(List<ConfiguracionAuditoria> cambios, ConfiguracionSistema existente, ConfiguracionSistema nueva, string usuarioId, string nombreUsuario)". [C:\Users\CRISTIAN\source\repos\FashionStoreSolution\FashionStore.Web\FashionStore.Web.csproj]
C:\Users\CRISTIAN\source\repos\FashionStoreSolution\FashionStore.Web\MigracionRunner.cs(176,35): error CS1069: No se encuentra el nombre de tipo 'SqlConnection' en el espacio de nombres 'System.Data.SqlClient'. Este tipo se ha reenviado al ensamblado 'System.Data.SqlClient, Version=0.0.0.0, Culture=neutral, PublicKeyToken=b03f5f7f11d50a3a'. Puede agregar una referencia a ese ensamblado. [C:\Users\CRISTIAN\source\repos\FashionStoreSolution\FashionStore.Web\FashionStore.Web.csproj]
C:\Users\CRISTIAN\source\repos\FashionStoreSolution\FashionStore.Web\MigracionRunner.cs(179,37): error CS1069: No se encuentra el nombre de tipo 'SqlCommand' en el espacio de nombres 'System.Data.SqlClient'. Este tipo se ha reenviado al ensamblado 'System.Data.SqlClient, Version=0.0.0.0, Culture=neutral, PublicKeyToken=b03f5f7f11d50a3a'. Puede agregar una referencia a ese ensamblado. [C:\Users\CRISTIAN\source\repos\FashionStoreSolution\FashionStore.Web\FashionStore.Web.csproj]
C:\Users\CRISTIAN\source\repos\FashionStoreSolution\FashionStore.Web\MigracionRunner.cs(180,41): error CS1069: No se encuentra el nombre de tipo 'SqlDataAdapter' en el espacio de nombres 'System.Data.SqlClient'. Este tipo se ha reenviado al ensamblado 'System.Data.SqlClient, Version=0.0.0.0, Culture=neutral, PublicKeyToken=b03f5f7f11d50a3a'. Puede agregar una referencia a ese ensamblado. [C:\Users\CRISTIAN\source\repos\FashionStoreSolution\FashionStore.Web\FashionStore.Web.csproj]
    5 Advertencia(s)
    3 Errores

Tiempo transcurrido 00:00:05.27
